| distributed init (rank 0): env://
| distributed init (rank 1): env://
| distributed init (rank 2): env://
| distributed init (rank 3): env://
gpua050:1375313:1375313 [0] NCCL INFO Bootstrap: Using eth1:172.28.23.50<0>
gpua050:1375313:1375313 [0] NCCL INFO cudaDriverVersion 12040
gpua050:1375313:1375313 [0] NCCL INFO NCCL version 2.26.2+cuda12.2
gpua050:1375313:1375313 [0] NCCL INFO Comm config Blocking set to 1
gpua050:1375316:1375316 [3] NCCL INFO cudaDriverVersion 12040
gpua050:1375316:1375316 [3] NCCL INFO Bootstrap: Using eth1:172.28.23.50<0>
gpua050:1375316:1375316 [3] NCCL INFO NCCL version 2.26.2+cuda12.2
gpua050:1375314:1375314 [1] NCCL INFO cudaDriverVersion 12040
gpua050:1375314:1375314 [1] NCCL INFO Bootstrap: Using eth1:172.28.23.50<0>
gpua050:1375314:1375314 [1] NCCL INFO NCCL version 2.26.2+cuda12.2
gpua050:1375315:1375315 [2] NCCL INFO cudaDriverVersion 12040
gpua050:1375316:1375316 [3] NCCL INFO Comm config Blocking set to 1
gpua050:1375314:1375314 [1] NCCL INFO Comm config Blocking set to 1
gpua050:1375315:1375315 [2] NCCL INFO Bootstrap: Using eth1:172.28.23.50<0>
gpua050:1375315:1375315 [2] NCCL INFO NCCL version 2.26.2+cuda12.2
gpua050:1375315:1375315 [2] NCCL INFO Comm config Blocking set to 1
gpua050:1375313:1375358 [0] NCCL INFO NET/Plugin: Could not find: libnccl-net.so. Using internal net plugin.
gpua050:1375315:1375361 [2] NCCL INFO NET/Plugin: Could not find: libnccl-net.so. Using internal net plugin.
gpua050:1375316:1375359 [3] NCCL INFO NET/Plugin: Could not find: libnccl-net.so. Using internal net plugin.
gpua050:1375314:1375360 [1] NCCL INFO NET/Plugin: Could not find: libnccl-net.so. Using internal net plugin.
gpua050:1375313:1375358 [0] NCCL INFO NET/IB : No device found.
gpua050:1375315:1375361 [2] NCCL INFO NET/IB : No device found.
gpua050:1375316:1375359 [3] NCCL INFO NET/IB : No device found.
gpua050:1375314:1375360 [1] NCCL INFO NET/IB : No device found.
gpua050:1375313:1375358 [0] NCCL INFO NET/IB : Using [RO]; OOB eth1:172.28.23.50<0>
gpua050:1375315:1375361 [2] NCCL INFO NET/IB : Using [RO]; OOB eth1:172.28.23.50<0>
gpua050:1375314:1375360 [1] NCCL INFO NET/IB : Using [RO]; OOB eth1:172.28.23.50<0>
gpua050:1375316:1375359 [3] NCCL INFO NET/IB : Using [RO]; OOB eth1:172.28.23.50<0>
gpua050:1375316:1375359 [3] NCCL INFO NET/Socket : Using [0]eth1:172.28.23.50<0> [1]hsn0:172.28.86.50<0> [2]hsn0.561:141.142.254.50<0>
gpua050:1375313:1375358 [0] NCCL INFO NET/Socket : Using [0]eth1:172.28.23.50<0> [1]hsn0:172.28.86.50<0> [2]hsn0.561:141.142.254.50<0>
gpua050:1375314:1375360 [1] NCCL INFO NET/Socket : Using [0]eth1:172.28.23.50<0> [1]hsn0:172.28.86.50<0> [2]hsn0.561:141.142.254.50<0>
gpua050:1375315:1375361 [2] NCCL INFO NET/Socket : Using [0]eth1:172.28.23.50<0> [1]hsn0:172.28.86.50<0> [2]hsn0.561:141.142.254.50<0>
gpua050:1375316:1375359 [3] NCCL INFO PROFILER/Plugin: Could not find: libnccl-profiler.so. 
gpua050:1375316:1375359 [3] NCCL INFO Using network Socket
gpua050:1375313:1375358 [0] NCCL INFO PROFILER/Plugin: Could not find: libnccl-profiler.so. 
gpua050:1375313:1375358 [0] NCCL INFO Using network Socket
gpua050:1375314:1375360 [1] NCCL INFO PROFILER/Plugin: Could not find: libnccl-profiler.so. 
gpua050:1375315:1375361 [2] NCCL INFO PROFILER/Plugin: Could not find: libnccl-profiler.so. 
gpua050:1375314:1375360 [1] NCCL INFO Using network Socket
gpua050:1375315:1375361 [2] NCCL INFO Using network Socket
gpua050:1375316:1375359 [3] NCCL INFO ncclCommInitRankConfig comm 0xbd6cfe0 rank 3 nranks 4 cudaDev 3 nvmlDev 3 busId c7000 commId 0x5d89044df4f5aa5f - Init START
gpua050:1375313:1375358 [0] NCCL INFO ncclCommInitRankConfig comm 0xbc58580 rank 0 nranks 4 cudaDev 0 nvmlDev 0 busId 7000 commId 0x5d89044df4f5aa5f - Init START
gpua050:1375315:1375361 [2] NCCL INFO ncclCommInitRankConfig comm 0xc14f000 rank 2 nranks 4 cudaDev 2 nvmlDev 2 busId 85000 commId 0x5d89044df4f5aa5f - Init START
gpua050:1375314:1375360 [1] NCCL INFO ncclCommInitRankConfig comm 0xaa13ea0 rank 1 nranks 4 cudaDev 1 nvmlDev 1 busId 46000 commId 0x5d89044df4f5aa5f - Init START
gpua050:1375316:1375359 [3] NCCL INFO RAS client listening socket at ::1<28028>
gpua050:1375313:1375358 [0] NCCL INFO RAS client listening socket at ::1<28028>
gpua050:1375315:1375361 [2] NCCL INFO RAS client listening socket at ::1<28028>
gpua050:1375314:1375360 [1] NCCL INFO RAS client listening socket at ::1<28028>
gpua050:1375314:1375360 [1] NCCL INFO Bootstrap timings total 0.001006 (create 0.000025, send 0.000118, recv 0.000445, ring 0.000069, delay 0.000000)
gpua050:1375313:1375358 [0] NCCL INFO Bootstrap timings total 0.001064 (create 0.000024, send 0.000103, recv 0.000433, ring 0.000164, delay 0.000000)
gpua050:1375316:1375359 [3] NCCL INFO Bootstrap timings total 0.001118 (create 0.000024, send 0.000108, recv 0.000211, ring 0.000299, delay 0.000000)
gpua050:1375315:1375361 [2] NCCL INFO Bootstrap timings total 0.001039 (create 0.000026, send 0.000123, recv 0.000242, ring 0.000075, delay 0.000000)
gpua050:1375313:1375358 [0] NCCL INFO Setting affinity for GPU 0 to ffff0000,00000000
gpua050:1375313:1375358 [0] NCCL INFO NVLS multicast support is not available on dev 0
gpua050:1375314:1375360 [1] NCCL INFO Setting affinity for GPU 1 to ffff,00000000
gpua050:1375314:1375360 [1] NCCL INFO NVLS multicast support is not available on dev 1
gpua050:1375315:1375361 [2] NCCL INFO Setting affinity for GPU 2 to ffff0000
gpua050:1375315:1375361 [2] NCCL INFO NVLS multicast support is not available on dev 2
gpua050:1375316:1375359 [3] NCCL INFO Setting affinity for GPU 3 to ffff
gpua050:1375316:1375359 [3] NCCL INFO NVLS multicast support is not available on dev 3
gpua050:1375314:1375360 [1] NCCL INFO comm 0xaa13ea0 rank 1 nRanks 4 nNodes 1 localRanks 4 localRank 1 MNNVL 0
gpua050:1375313:1375358 [0] NCCL INFO comm 0xbc58580 rank 0 nRanks 4 nNodes 1 localRanks 4 localRank 0 MNNVL 0
gpua050:1375315:1375361 [2] NCCL INFO comm 0xc14f000 rank 2 nRanks 4 nNodes 1 localRanks 4 localRank 2 MNNVL 0
gpua050:1375316:1375359 [3] NCCL INFO comm 0xbd6cfe0 rank 3 nRanks 4 nNodes 1 localRanks 4 localRank 3 MNNVL 0
gpua050:1375314:1375360 [1] NCCL INFO Trees [0] 3/-1/-1->1->0 [1] 3/-1/-1->1->0 [2] 3/-1/-1->1->0 [3] 3/-1/-1->1->0 [4] 2/-1/-1->1->3 [5] 2/-1/-1->1->3 [6] 2/-1/-1->1->3 [7] 2/-1/-1->1->3 [8] 0/-1/-1->1->-1 [9] 0/-1/-1->1->-1 [10] 0/-1/-1->1->-1 [11] 0/-1/-1->1->-1 [12] 3/-1/-1->1->0 [13] 3/-1/-1->1->0 [14] 3/-1/-1->1->0 [15] 3/-1/-1->1->0 [16] 2/-1/-1->1->3 [17] 2/-1/-1->1->3 [18] 2/-1/-1->1->3 [19] 2/-1/-1->1->3 [20] 0/-1/-1->1->-1 [21] 0/-1/-1->1->-1 [22] 0/-1/-1->1->-1 [23] 0/-1/-1->1->-1
gpua050:1375313:1375358 [0] NCCL INFO Channel 00/24 : 0 1 3 2
gpua050:1375314:1375360 [1] NCCL INFO P2P Chunksize set to 524288
gpua050:1375313:1375358 [0] NCCL INFO Channel 01/24 : 0 1 2 3
gpua050:1375313:1375358 [0] NCCL INFO Channel 02/24 : 0 3 2 1
gpua050:1375315:1375361 [2] NCCL INFO Trees [0] -1/-1/-1->2->3 [1] -1/-1/-1->2->3 [2] -1/-1/-1->2->3 [3] -1/-1/-1->2->3 [4] -1/-1/-1->2->1 [5] -1/-1/-1->2->1 [6] -1/-1/-1->2->1 [7] -1/-1/-1->2->1 [8] 3/-1/-1->2->0 [9] 3/-1/-1->2->0 [10] 3/-1/-1->2->0 [11] 3/-1/-1->2->0 [12] -1/-1/-1->2->3 [13] -1/-1/-1->2->3 [14] -1/-1/-1->2->3 [15] -1/-1/-1->2->3 [16] -1/-1/-1->2->1 [17] -1/-1/-1->2->1 [18] -1/-1/-1->2->1 [19] -1/-1/-1->2->1 [20] 3/-1/-1->2->0 [21] 3/-1/-1->2->0 [22] 3/-1/-1->2->0 [23] 3/-1/-1->2->0
gpua050:1375313:1375358 [0] NCCL INFO Channel 03/24 : 0 3 1 2
gpua050:1375315:1375361 [2] NCCL INFO P2P Chunksize set to 524288
gpua050:1375313:1375358 [0] NCCL INFO Channel 04/24 : 0 2 1 3
gpua050:1375316:1375359 [3] NCCL INFO Trees [0] 2/-1/-1->3->1 [1] 2/-1/-1->3->1 [2] 2/-1/-1->3->1 [3] 2/-1/-1->3->1 [4] 1/-1/-1->3->0 [5] 1/-1/-1->3->0 [6] 1/-1/-1->3->0 [7] 1/-1/-1->3->0 [8] -1/-1/-1->3->2 [9] -1/-1/-1->3->2 [10] -1/-1/-1->3->2 [11] -1/-1/-1->3->2 [12] 2/-1/-1->3->1 [13] 2/-1/-1->3->1 [14] 2/-1/-1->3->1 [15] 2/-1/-1->3->1 [16] 1/-1/-1->3->0 [17] 1/-1/-1->3->0 [18] 1/-1/-1->3->0 [19] 1/-1/-1->3->0 [20] -1/-1/-1->3->2 [21] -1/-1/-1->3->2 [22] -1/-1/-1->3->2 [23] -1/-1/-1->3->2
gpua050:1375313:1375358 [0] NCCL INFO Channel 05/24 : 0 2 3 1
gpua050:1375316:1375359 [3] NCCL INFO P2P Chunksize set to 524288
gpua050:1375313:1375358 [0] NCCL INFO Channel 06/24 : 0 1 3 2
gpua050:1375313:1375358 [0] NCCL INFO Channel 07/24 : 0 1 2 3
gpua050:1375313:1375358 [0] NCCL INFO Channel 08/24 : 0 3 2 1
gpua050:1375313:1375358 [0] NCCL INFO Channel 09/24 : 0 3 1 2
gpua050:1375313:1375358 [0] NCCL INFO Channel 10/24 : 0 2 1 3
gpua050:1375313:1375358 [0] NCCL INFO Channel 11/24 : 0 2 3 1
gpua050:1375313:1375358 [0] NCCL INFO Channel 12/24 : 0 1 3 2
gpua050:1375313:1375358 [0] NCCL INFO Channel 13/24 : 0 1 2 3
gpua050:1375313:1375358 [0] NCCL INFO Channel 14/24 : 0 3 2 1
gpua050:1375313:1375358 [0] NCCL INFO Channel 15/24 : 0 3 1 2
gpua050:1375313:1375358 [0] NCCL INFO Channel 16/24 : 0 2 1 3
gpua050:1375313:1375358 [0] NCCL INFO Channel 17/24 : 0 2 3 1
gpua050:1375313:1375358 [0] NCCL INFO Channel 18/24 : 0 1 3 2
gpua050:1375313:1375358 [0] NCCL INFO Channel 19/24 : 0 1 2 3
gpua050:1375313:1375358 [0] NCCL INFO Channel 20/24 : 0 3 2 1
gpua050:1375313:1375358 [0] NCCL INFO Channel 21/24 : 0 3 1 2
gpua050:1375313:1375358 [0] NCCL INFO Channel 22/24 : 0 2 1 3
gpua050:1375313:1375358 [0] NCCL INFO Channel 23/24 : 0 2 3 1
gpua050:1375313:1375358 [0] NCCL INFO Trees [0] 1/-1/-1->0->-1 [1] 1/-1/-1->0->-1 [2] 1/-1/-1->0->-1 [3] 1/-1/-1->0->-1 [4] 3/-1/-1->0->-1 [5] 3/-1/-1->0->-1 [6] 3/-1/-1->0->-1 [7] 3/-1/-1->0->-1 [8] 2/-1/-1->0->1 [9] 2/-1/-1->0->1 [10] 2/-1/-1->0->1 [11] 2/-1/-1->0->1 [12] 1/-1/-1->0->-1 [13] 1/-1/-1->0->-1 [14] 1/-1/-1->0->-1 [15] 1/-1/-1->0->-1 [16] 3/-1/-1->0->-1 [17] 3/-1/-1->0->-1 [18] 3/-1/-1->0->-1 [19] 3/-1/-1->0->-1 [20] 2/-1/-1->0->1 [21] 2/-1/-1->0->1 [22] 2/-1/-1->0->1 [23] 2/-1/-1->0->1
gpua050:1375313:1375358 [0] NCCL INFO P2P Chunksize set to 524288
gpua050:1375313:1375358 [0] NCCL INFO Check P2P Type intraNodeP2pSupport 1 directMode 0
gpua050:1375314:1375366 [1] NCCL INFO [Proxy Service] Device 1 CPU core 32
gpua050:1375315:1375367 [2] NCCL INFO [Proxy Service] Device 2 CPU core 26
gpua050:1375314:1375370 [1] NCCL INFO [Proxy Service UDS] Device 1 CPU core 43
gpua050:1375316:1375368 [3] NCCL INFO [Proxy Service] Device 3 CPU core 10
gpua050:1375313:1375369 [0] NCCL INFO [Proxy Service] Device 0 CPU core 61
gpua050:1375315:1375371 [2] NCCL INFO [Proxy Service UDS] Device 2 CPU core 18
gpua050:1375313:1375373 [0] NCCL INFO [Proxy Service UDS] Device 0 CPU core 50
gpua050:1375316:1375372 [3] NCCL INFO [Proxy Service UDS] Device 3 CPU core 1
gpua050:1375315:1375361 [2] NCCL INFO threadThresholds 8/8/64 | 32/8/64 | 512 | 512
gpua050:1375315:1375361 [2] NCCL INFO 24 coll channels, 24 collnet channels, 0 nvls channels, 32 p2p channels, 8 p2p channels per peer
gpua050:1375316:1375359 [3] NCCL INFO threadThresholds 8/8/64 | 32/8/64 | 512 | 512
gpua050:1375316:1375359 [3] NCCL INFO 24 coll channels, 24 collnet channels, 0 nvls channels, 32 p2p channels, 8 p2p channels per peer
gpua050:1375313:1375358 [0] NCCL INFO threadThresholds 8/8/64 | 32/8/64 | 512 | 512
gpua050:1375313:1375358 [0] NCCL INFO 24 coll channels, 24 collnet channels, 0 nvls channels, 32 p2p channels, 8 p2p channels per peer
gpua050:1375313:1375358 [0] NCCL INFO CC Off, workFifoBytes 1048576
gpua050:1375314:1375360 [1] NCCL INFO threadThresholds 8/8/64 | 32/8/64 | 512 | 512
gpua050:1375314:1375360 [1] NCCL INFO 24 coll channels, 24 collnet channels, 0 nvls channels, 32 p2p channels, 8 p2p channels per peer
gpua050:1375314:1375360 [1] NCCL INFO TUNER/Plugin: Could not find: libnccl-tuner.so. Using internal tuner plugin.
gpua050:1375313:1375358 [0] NCCL INFO TUNER/Plugin: Could not find: libnccl-tuner.so. Using internal tuner plugin.
gpua050:1375316:1375359 [3] NCCL INFO TUNER/Plugin: Could not find: libnccl-tuner.so. Using internal tuner plugin.
gpua050:1375315:1375361 [2] NCCL INFO TUNER/Plugin: Could not find: libnccl-tuner.so. Using internal tuner plugin.
gpua050:1375314:1375360 [1] NCCL INFO ncclCommInitRankConfig comm 0xaa13ea0 rank 1 nranks 4 cudaDev 1 nvmlDev 1 busId 46000 commId 0x5d89044df4f5aa5f - Init COMPLETE
gpua050:1375313:1375358 [0] NCCL INFO ncclCommInitRankConfig comm 0xbc58580 rank 0 nranks 4 cudaDev 0 nvmlDev 0 busId 7000 commId 0x5d89044df4f5aa5f - Init COMPLETE
gpua050:1375316:1375359 [3] NCCL INFO ncclCommInitRankConfig comm 0xbd6cfe0 rank 3 nranks 4 cudaDev 3 nvmlDev 3 busId c7000 commId 0x5d89044df4f5aa5f - Init COMPLETE
gpua050:1375315:1375361 [2] NCCL INFO ncclCommInitRankConfig comm 0xc14f000 rank 2 nranks 4 cudaDev 2 nvmlDev 2 busId 85000 commId 0x5d89044df4f5aa5f - Init COMPLETE
gpua050:1375314:1375360 [1] NCCL INFO Init timings - ncclCommInitRankConfig: rank 1 nranks 4 total 0.43 (kernels 0.15, alloc 0.08, bootstrap 0.00, allgathers 0.00, topo 0.15, graphs 0.00, connections 0.02, rest 0.01)
gpua050:1375313:1375358 [0] NCCL INFO Init timings - ncclCommInitRankConfig: rank 0 nranks 4 total 0.44 (kernels 0.17, alloc 0.08, bootstrap 0.00, allgathers 0.00, topo 0.15, graphs 0.00, connections 0.02, rest 0.01)
gpua050:1375316:1375359 [3] NCCL INFO Init timings - ncclCommInitRankConfig: rank 3 nranks 4 total 0.43 (kernels 0.16, alloc 0.08, bootstrap 0.00, allgathers 0.00, topo 0.15, graphs 0.00, connections 0.02, rest 0.01)
gpua050:1375315:1375361 [2] NCCL INFO Init timings - ncclCommInitRankConfig: rank 2 nranks 4 total 0.43 (kernels 0.15, alloc 0.08, bootstrap 0.00, allgathers 0.00, topo 0.15, graphs 0.00, connections 0.02, rest 0.02)
gpua050:1375314:1375377 [1] NCCL INFO Channel 01/0 : 1[1] -> 2[2] via P2P/CUMEM/read
gpua050:1375313:1375376 [0] NCCL INFO Channel 00/0 : 0[0] -> 1[1] via P2P/CUMEM/read
gpua050:1375315:1375374 [2] NCCL INFO Channel 01/0 : 2[2] -> 3[3] via P2P/CUMEM/read
gpua050:1375316:1375375 [3] NCCL INFO Channel 01/0 : 3[3] -> 0[0] via P2P/CUMEM/read
gpua050:1375314:1375377 [1] NCCL INFO Channel 03/0 : 1[1] -> 2[2] via P2P/CUMEM/read
gpua050:1375313:1375376 [0] NCCL INFO Channel 01/0 : 0[0] -> 1[1] via P2P/CUMEM/read
gpua050:1375315:1375374 [2] NCCL INFO Channel 05/0 : 2[2] -> 3[3] via P2P/CUMEM/read
gpua050:1375316:1375375 [3] NCCL INFO Channel 04/0 : 3[3] -> 0[0] via P2P/CUMEM/read
gpua050:1375314:1375377 [1] NCCL INFO Channel 07/0 : 1[1] -> 2[2] via P2P/CUMEM/read
gpua050:1375313:1375376 [0] NCCL INFO Channel 06/0 : 0[0] -> 1[1] via P2P/CUMEM/read
gpua050:1375315:1375374 [2] NCCL INFO Channel 07/0 : 2[2] -> 3[3] via P2P/CUMEM/read
gpua050:1375316:1375375 [3] NCCL INFO Channel 07/0 : 3[3] -> 0[0] via P2P/CUMEM/read
gpua050:1375314:1375377 [1] NCCL INFO Channel 09/0 : 1[1] -> 2[2] via P2P/CUMEM/read
gpua050:1375313:1375376 [0] NCCL INFO Channel 07/0 : 0[0] -> 1[1] via P2P/CUMEM/read
gpua050:1375315:1375374 [2] NCCL INFO Channel 11/0 : 2[2] -> 3[3] via P2P/CUMEM/read
gpua050:1375316:1375375 [3] NCCL INFO Channel 10/0 : 3[3] -> 0[0] via P2P/CUMEM/read
gpua050:1375314:1375377 [1] NCCL INFO Channel 13/0 : 1[1] -> 2[2] via P2P/CUMEM/read
gpua050:1375313:1375376 [0] NCCL INFO Channel 12/0 : 0[0] -> 1[1] via P2P/CUMEM/read
gpua050:1375315:1375374 [2] NCCL INFO Channel 13/0 : 2[2] -> 3[3] via P2P/CUMEM/read
gpua050:1375316:1375375 [3] NCCL INFO Channel 13/0 : 3[3] -> 0[0] via P2P/CUMEM/read
gpua050:1375314:1375377 [1] NCCL INFO Channel 15/0 : 1[1] -> 2[2] via P2P/CUMEM/read
gpua050:1375313:1375376 [0] NCCL INFO Channel 13/0 : 0[0] -> 1[1] via P2P/CUMEM/read
gpua050:1375315:1375374 [2] NCCL INFO Channel 17/0 : 2[2] -> 3[3] via P2P/CUMEM/read
gpua050:1375316:1375375 [3] NCCL INFO Channel 16/0 : 3[3] -> 0[0] via P2P/CUMEM/read
gpua050:1375314:1375377 [1] NCCL INFO Channel 19/0 : 1[1] -> 2[2] via P2P/CUMEM/read
gpua050:1375313:1375376 [0] NCCL INFO Channel 18/0 : 0[0] -> 1[1] via P2P/CUMEM/read
gpua050:1375315:1375374 [2] NCCL INFO Channel 19/0 : 2[2] -> 3[3] via P2P/CUMEM/read
gpua050:1375316:1375375 [3] NCCL INFO Channel 19/0 : 3[3] -> 0[0] via P2P/CUMEM/read
gpua050:1375314:1375377 [1] NCCL INFO Channel 21/0 : 1[1] -> 2[2] via P2P/CUMEM/read
gpua050:1375313:1375376 [0] NCCL INFO Channel 19/0 : 0[0] -> 1[1] via P2P/CUMEM/read
gpua050:1375315:1375374 [2] NCCL INFO Channel 23/0 : 2[2] -> 3[3] via P2P/CUMEM/read
gpua050:1375316:1375375 [3] NCCL INFO Channel 22/0 : 3[3] -> 0[0] via P2P/CUMEM/read
gpua050:1375314:1375377 [1] NCCL INFO Channel 00/0 : 1[1] -> 3[3] via P2P/CUMEM/read
gpua050:1375315:1375374 [2] NCCL INFO Channel 00/0 : 2[2] -> 0[0] via P2P/CUMEM/read
gpua050:1375313:1375376 [0] NCCL INFO Channel 04/0 : 0[0] -> 2[2] via P2P/CUMEM/read
gpua050:1375314:1375377 [1] NCCL INFO Channel 04/0 : 1[1] -> 3[3] via P2P/CUMEM/read
gpua050:1375315:1375374 [2] NCCL INFO Channel 03/0 : 2[2] -> 0[0] via P2P/CUMEM/read
gpua050:1375316:1375375 [3] NCCL INFO Channel 03/0 : 3[3] -> 1[1] via P2P/CUMEM/read
gpua050:1375313:1375376 [0] NCCL INFO Channel 05/0 : 0[0] -> 2[2] via P2P/CUMEM/read
gpua050:1375314:1375377 [1] NCCL INFO Channel 06/0 : 1[1] -> 3[3] via P2P/CUMEM/read
gpua050:1375315:1375374 [2] NCCL INFO Channel 06/0 : 2[2] -> 0[0] via P2P/CUMEM/read
gpua050:1375316:1375375 [3] NCCL INFO Channel 05/0 : 3[3] -> 1[1] via P2P/CUMEM/read
gpua050:1375313:1375376 [0] NCCL INFO Channel 10/0 : 0[0] -> 2[2] via P2P/CUMEM/read
gpua050:1375314:1375377 [1] NCCL INFO Channel 10/0 : 1[1] -> 3[3] via P2P/CUMEM/read
gpua050:1375315:1375374 [2] NCCL INFO Channel 09/0 : 2[2] -> 0[0] via P2P/CUMEM/read
gpua050:1375316:1375375 [3] NCCL INFO Channel 09/0 : 3[3] -> 1[1] via P2P/CUMEM/read
gpua050:1375313:1375376 [0] NCCL INFO Channel 11/0 : 0[0] -> 2[2] via P2P/CUMEM/read
gpua050:1375314:1375377 [1] NCCL INFO Channel 12/0 : 1[1] -> 3[3] via P2P/CUMEM/read
gpua050:1375315:1375374 [2] NCCL INFO Channel 12/0 : 2[2] -> 0[0] via P2P/CUMEM/read
gpua050:1375316:1375375 [3] NCCL INFO Channel 11/0 : 3[3] -> 1[1] via P2P/CUMEM/read
gpua050:1375313:1375376 [0] NCCL INFO Channel 16/0 : 0[0] -> 2[2] via P2P/CUMEM/read
gpua050:1375314:1375377 [1] NCCL INFO Channel 16/0 : 1[1] -> 3[3] via P2P/CUMEM/read
gpua050:1375315:1375374 [2] NCCL INFO Channel 15/0 : 2[2] -> 0[0] via P2P/CUMEM/read
gpua050:1375316:1375375 [3] NCCL INFO Channel 15/0 : 3[3] -> 1[1] via P2P/CUMEM/read
gpua050:1375313:1375376 [0] NCCL INFO Channel 17/0 : 0[0] -> 2[2] via P2P/CUMEM/read
gpua050:1375314:1375377 [1] NCCL INFO Channel 18/0 : 1[1] -> 3[3] via P2P/CUMEM/read
gpua050:1375315:1375374 [2] NCCL INFO Channel 18/0 : 2[2] -> 0[0] via P2P/CUMEM/read
gpua050:1375316:1375375 [3] NCCL INFO Channel 17/0 : 3[3] -> 1[1] via P2P/CUMEM/read
gpua050:1375313:1375376 [0] NCCL INFO Channel 22/0 : 0[0] -> 2[2] via P2P/CUMEM/read
gpua050:1375314:1375377 [1] NCCL INFO Channel 22/0 : 1[1] -> 3[3] via P2P/CUMEM/read
gpua050:1375315:1375374 [2] NCCL INFO Channel 21/0 : 2[2] -> 0[0] via P2P/CUMEM/read
gpua050:1375316:1375375 [3] NCCL INFO Channel 21/0 : 3[3] -> 1[1] via P2P/CUMEM/read
gpua050:1375313:1375376 [0] NCCL INFO Channel 23/0 : 0[0] -> 2[2] via P2P/CUMEM/read
gpua050:1375316:1375375 [3] NCCL INFO Channel 23/0 : 3[3] -> 1[1] via P2P/CUMEM/read
gpua050:1375315:1375374 [2] NCCL INFO Channel 02/0 : 2[2] -> 1[1] via P2P/CUMEM/read
gpua050:1375313:1375376 [0] NCCL INFO Channel 02/0 : 0[0] -> 3[3] via P2P/CUMEM/read
gpua050:1375314:1375377 [1] NCCL INFO Channel 02/0 : 1[1] -> 0[0] via P2P/CUMEM/read
gpua050:1375316:1375375 [3] NCCL INFO Channel 00/0 : 3[3] -> 2[2] via P2P/CUMEM/read
gpua050:1375315:1375374 [2] NCCL INFO Channel 04/0 : 2[2] -> 1[1] via P2P/CUMEM/read
gpua050:1375313:1375376 [0] NCCL INFO Channel 03/0 : 0[0] -> 3[3] via P2P/CUMEM/read
gpua050:1375314:1375377 [1] NCCL INFO Channel 05/0 : 1[1] -> 0[0] via P2P/CUMEM/read
gpua050:1375316:1375375 [3] NCCL INFO Channel 02/0 : 3[3] -> 2[2] via P2P/CUMEM/read
gpua050:1375315:1375374 [2] NCCL INFO Channel 08/0 : 2[2] -> 1[1] via P2P/CUMEM/read
gpua050:1375313:1375376 [0] NCCL INFO Channel 08/0 : 0[0] -> 3[3] via P2P/CUMEM/read
gpua050:1375314:1375377 [1] NCCL INFO Channel 08/0 : 1[1] -> 0[0] via P2P/CUMEM/read
gpua050:1375316:1375375 [3] NCCL INFO Channel 06/0 : 3[3] -> 2[2] via P2P/CUMEM/read
gpua050:1375315:1375374 [2] NCCL INFO Channel 10/0 : 2[2] -> 1[1] via P2P/CUMEM/read
gpua050:1375313:1375376 [0] NCCL INFO Channel 09/0 : 0[0] -> 3[3] via P2P/CUMEM/read
gpua050:1375314:1375377 [1] NCCL INFO Channel 11/0 : 1[1] -> 0[0] via P2P/CUMEM/read
gpua050:1375316:1375375 [3] NCCL INFO Channel 08/0 : 3[3] -> 2[2] via P2P/CUMEM/read
gpua050:1375315:1375374 [2] NCCL INFO Channel 14/0 : 2[2] -> 1[1] via P2P/CUMEM/read
gpua050:1375313:1375376 [0] NCCL INFO Channel 14/0 : 0[0] -> 3[3] via P2P/CUMEM/read
gpua050:1375314:1375377 [1] NCCL INFO Channel 14/0 : 1[1] -> 0[0] via P2P/CUMEM/read
gpua050:1375316:1375375 [3] NCCL INFO Channel 12/0 : 3[3] -> 2[2] via P2P/CUMEM/read
gpua050:1375315:1375374 [2] NCCL INFO Channel 16/0 : 2[2] -> 1[1] via P2P/CUMEM/read
gpua050:1375313:1375376 [0] NCCL INFO Channel 15/0 : 0[0] -> 3[3] via P2P/CUMEM/read
gpua050:1375314:1375377 [1] NCCL INFO Channel 17/0 : 1[1] -> 0[0] via P2P/CUMEM/read
gpua050:1375316:1375375 [3] NCCL INFO Channel 14/0 : 3[3] -> 2[2] via P2P/CUMEM/read
gpua050:1375315:1375374 [2] NCCL INFO Channel 20/0 : 2[2] -> 1[1] via P2P/CUMEM/read
gpua050:1375313:1375376 [0] NCCL INFO Channel 20/0 : 0[0] -> 3[3] via P2P/CUMEM/read
gpua050:1375314:1375377 [1] NCCL INFO Channel 20/0 : 1[1] -> 0[0] via P2P/CUMEM/read
gpua050:1375316:1375375 [3] NCCL INFO Channel 18/0 : 3[3] -> 2[2] via P2P/CUMEM/read
gpua050:1375315:1375374 [2] NCCL INFO Channel 22/0 : 2[2] -> 1[1] via P2P/CUMEM/read
gpua050:1375313:1375376 [0] NCCL INFO Channel 21/0 : 0[0] -> 3[3] via P2P/CUMEM/read
gpua050:1375314:1375377 [1] NCCL INFO Channel 23/0 : 1[1] -> 0[0] via P2P/CUMEM/read
gpua050:1375316:1375375 [3] NCCL INFO Channel 20/0 : 3[3] -> 2[2] via P2P/CUMEM/read
gpua050:1375316:1375375 [3] NCCL INFO Connected all rings, use ring PXN 0 GDR 1
gpua050:1375315:1375374 [2] NCCL INFO Connected all rings, use ring PXN 0 GDR 1
gpua050:1375314:1375377 [1] NCCL INFO Connected all rings, use ring PXN 0 GDR 1
gpua050:1375313:1375376 [0] NCCL INFO Connected all rings, use ring PXN 0 GDR 1
Namespace(model='/work/hdd/bewo/mahdi/Isomorphic-Pruning/output/pruned/deit_4.2G_v2.pth', teacher_model='regnety_160.deit_in1k', data_path='/work/hdd/bewo/mahdi/imagenet', device='cuda', batch_size=256, epochs=300, workers=8, opt='adamw', lr=0.0005, momentum=0.9, weight_decay=0.05, norm_weight_decay=None, bias_weight_decay=None, transformer_embedding_decay=None, label_smoothing=0.1, mixup_alpha=0.8, cutmix_alpha=1.0, lr_scheduler='cosineannealinglr', lr_warmup_epochs=0, lr_warmup_method='linear', lr_warmup_decay=0.033, lr_step_size=30, lr_gamma=0.1, lr_min=0.0, print_freq=50, output_dir='/work/hdd/bewo/mahdi/Isomorphic-Pruning/output/finetuned/deit_4.2G_v2', resume='', start_epoch=0, cache_dataset=False, sync_bn=False, test_only=False, auto_augment='ra', ra_magnitude=9, augmix_severity=3, random_erase=0.25, color_jitter=None, amp=True, world_size=4, dist_url='env://', model_ema=False, model_ema_steps=32, model_ema_decay=0.99998, use_deterministic_algorithms=False, interpolation='bicubic', val_resize_size=256, val_crop_size=224, train_crop_size=224, clip_grad_norm=None, ra_sampler=True, ra_reps=3, weights=None, backend='pil', use_v2=False, is_huggingface=False, checkpoint_interval=10, no_imagenet_mean_std=False, stochastic_depth=0.0, rank=0, gpu=0, distributed=True, dist_backend='nccl')
Loading data
Loading training data
Took 3.3704440593719482
Loading validation data
Creating data loaders
Creating model
Loading pruned model from /work/hdd/bewo/mahdi/Isomorphic-Pruning/output/pruned/deit_4.2G_v2.pth
macs: 4.15 G, params: 20.67 M
DistributedDataParallel(
  (module): VisionTransformerDistilled(
    (patch_embed): PatchEmbed(
      (proj): Conv2d(3, 384, kernel_size=(16, 16), stride=(16, 16))
      (norm): Identity()
    )
    (pos_drop): Dropout(p=0.0, inplace=False)
    (patch_drop): Identity()
    (norm_pre): Identity()
    (blocks): Sequential(
      (0): Block(
        (norm1): LayerNorm((384,), eps=1e-06, elementwise_affine=True)
        (attn): Attention(
          (qkv): Linear(in_features=384, out_features=540, bias=True)
          (q_norm): Identity()
          (k_norm): Identity()
          (attn_drop): Dropout(p=0.0, inplace=False)
          (norm): Identity()
          (proj): Linear(in_features=180, out_features=384, bias=True)
          (proj_drop): Dropout(p=0.0, inplace=False)
        )
        (ls1): Identity()
        (drop_path1): Identity()
        (norm2): LayerNorm((384,), eps=1e-06, elementwise_affine=True)
        (mlp): Mlp(
          (fc1): Linear(in_features=384, out_features=956, bias=True)
          (act): GELU(approximate='none')
          (drop1): Dropout(p=0.0, inplace=False)
          (norm): Identity()
          (fc2): Linear(in_features=956, out_features=384, bias=True)
          (drop2): Dropout(p=0.0, inplace=False)
        )
        (ls2): Identity()
        (drop_path2): Identity()
      )
      (1): Block(
        (norm1): LayerNorm((384,), eps=1e-06, elementwise_affine=True)
        (attn): Attention(
          (qkv): Linear(in_features=384, out_features=510, bias=True)
          (q_norm): Identity()
          (k_norm): Identity()
          (attn_drop): Dropout(p=0.0, inplace=False)
          (norm): Identity()
          (proj): Linear(in_features=170, out_features=384, bias=True)
          (proj_drop): Dropout(p=0.0, inplace=False)
        )
        (ls1): Identity()
        (drop_path1): Identity()
        (norm2): LayerNorm((384,), eps=1e-06, elementwise_affine=True)
        (mlp): Mlp(
          (fc1): Linear(in_features=384, out_features=928, bias=True)
          (act): GELU(approximate='none')
          (drop1): Dropout(p=0.0, inplace=False)
          (norm): Identity()
          (fc2): Linear(in_features=928, out_features=384, bias=True)
          (drop2): Dropout(p=0.0, inplace=False)
        )
        (ls2): Identity()
        (drop_path2): Identity()
      )
      (2): Block(
        (norm1): LayerNorm((384,), eps=1e-06, elementwise_affine=True)
        (attn): Attention(
          (qkv): Linear(in_features=384, out_features=432, bias=True)
          (q_norm): Identity()
          (k_norm): Identity()
          (attn_drop): Dropout(p=0.0, inplace=False)
          (norm): Identity()
          (proj): Linear(in_features=144, out_features=384, bias=True)
          (proj_drop): Dropout(p=0.0, inplace=False)
        )
        (ls1): Identity()
        (drop_path1): Identity()
        (norm2): LayerNorm((384,), eps=1e-06, elementwise_affine=True)
        (mlp): Mlp(
          (fc1): Linear(in_features=384, out_features=1416, bias=True)
          (act): GELU(approximate='none')
          (drop1): Dropout(p=0.0, inplace=False)
          (norm): Identity()
          (fc2): Linear(in_features=1416, out_features=384, bias=True)
          (drop2): Dropout(p=0.0, inplace=False)
        )
        (ls2): Identity()
        (drop_path2): Identity()
      )
      (3): Block(
        (norm1): LayerNorm((384,), eps=1e-06, elementwise_affine=True)
        (attn): Attention(
          (qkv): Linear(in_features=384, out_features=600, bias=True)
          (q_norm): Identity()
          (k_norm): Identity()
          (attn_drop): Dropout(p=0.0, inplace=False)
          (norm): Identity()
          (proj): Linear(in_features=200, out_features=384, bias=True)
          (proj_drop): Dropout(p=0.0, inplace=False)
        )
        (ls1): Identity()
        (drop_path1): Identity()
        (norm2): LayerNorm((384,), eps=1e-06, elementwise_affine=True)
        (mlp): Mlp(
          (fc1): Linear(in_features=384, out_features=1908, bias=True)
          (act): GELU(approximate='none')
          (drop1): Dropout(p=0.0, inplace=False)
          (norm): Identity()
          (fc2): Linear(in_features=1908, out_features=384, bias=True)
          (drop2): Dropout(p=0.0, inplace=False)
        )
        (ls2): Identity()
        (drop_path2): Identity()
      )
      (4): Block(
        (norm1): LayerNorm((384,), eps=1e-06, elementwise_affine=True)
        (attn): Attention(
          (qkv): Linear(in_features=384, out_features=690, bias=True)
          (q_norm): Identity()
          (k_norm): Identity()
          (attn_drop): Dropout(p=0.0, inplace=False)
          (norm): Identity()
          (proj): Linear(in_features=230, out_features=384, bias=True)
          (proj_drop): Dropout(p=0.0, inplace=False)
        )
        (ls1): Identity()
        (drop_path1): Identity()
        (norm2): LayerNorm((384,), eps=1e-06, elementwise_affine=True)
        (mlp): Mlp(
          (fc1): Linear(in_features=384, out_features=1858, bias=True)
          (act): GELU(approximate='none')
          (drop1): Dropout(p=0.0, inplace=False)
          (norm): Identity()
          (fc2): Linear(in_features=1858, out_features=384, bias=True)
          (drop2): Dropout(p=0.0, inplace=False)
        )
        (ls2): Identity()
        (drop_path2): Identity()
      )
      (5): Block(
        (norm1): LayerNorm((384,), eps=1e-06, elementwise_affine=True)
        (attn): Attention(
          (qkv): Linear(in_features=384, out_features=900, bias=True)
          (q_norm): Identity()
          (k_norm): Identity()
          (attn_drop): Dropout(p=0.0, inplace=False)
          (norm): Identity()
          (proj): Linear(in_features=300, out_features=384, bias=True)
          (proj_drop): Dropout(p=0.0, inplace=False)
        )
        (ls1): Identity()
        (drop_path1): Identity()
        (norm2): LayerNorm((384,), eps=1e-06, elementwise_affine=True)
        (mlp): Mlp(
          (fc1): Linear(in_features=384, out_features=1740, bias=True)
          (act): GELU(approximate='none')
          (drop1): Dropout(p=0.0, inplace=False)
          (norm): Identity()
          (fc2): Linear(in_features=1740, out_features=384, bias=True)
          (drop2): Dropout(p=0.0, inplace=False)
        )
        (ls2): Identity()
        (drop_path2): Identity()
      )
      (6): Block(
        (norm1): LayerNorm((384,), eps=1e-06, elementwise_affine=True)
        (attn): Attention(
          (qkv): Linear(in_features=384, out_features=1176, bias=True)
          (q_norm): Identity()
          (k_norm): Identity()
          (attn_drop): Dropout(p=0.0, inplace=False)
          (norm): Identity()
          (proj): Linear(in_features=392, out_features=384, bias=True)
          (proj_drop): Dropout(p=0.0, inplace=False)
        )
        (ls1): Identity()
        (drop_path1): Identity()
        (norm2): LayerNorm((384,), eps=1e-06, elementwise_affine=True)
        (mlp): Mlp(
          (fc1): Linear(in_features=384, out_features=1750, bias=True)
          (act): GELU(approximate='none')
          (drop1): Dropout(p=0.0, inplace=False)
          (norm): Identity()
          (fc2): Linear(in_features=1750, out_features=384, bias=True)
          (drop2): Dropout(p=0.0, inplace=False)
        )
        (ls2): Identity()
        (drop_path2): Identity()
      )
      (7): Block(
        (norm1): LayerNorm((384,), eps=1e-06, elementwise_affine=True)
        (attn): Attention(
          (qkv): Linear(in_features=384, out_features=1176, bias=True)
          (q_norm): Identity()
          (k_norm): Identity()
          (attn_drop): Dropout(p=0.0, inplace=False)
          (norm): Identity()
          (proj): Linear(in_features=392, out_features=384, bias=True)
          (proj_drop): Dropout(p=0.0, inplace=False)
        )
        (ls1): Identity()
        (drop_path1): Identity()
        (norm2): LayerNorm((384,), eps=1e-06, elementwise_affine=True)
        (mlp): Mlp(
          (fc1): Linear(in_features=384, out_features=1672, bias=True)
          (act): GELU(approximate='none')
          (drop1): Dropout(p=0.0, inplace=False)
          (norm): Identity()
          (fc2): Linear(in_features=1672, out_features=384, bias=True)
          (drop2): Dropout(p=0.0, inplace=False)
        )
        (ls2): Identity()
        (drop_path2): Identity()
      )
      (8): Block(
        (norm1): LayerNorm((384,), eps=1e-06, elementwise_affine=True)
        (attn): Attention(
          (qkv): Linear(in_features=384, out_features=900, bias=True)
          (q_norm): Identity()
          (k_norm): Identity()
          (attn_drop): Dropout(p=0.0, inplace=False)
          (norm): Identity()
          (proj): Linear(in_features=300, out_features=384, bias=True)
          (proj_drop): Dropout(p=0.0, inplace=False)
        )
        (ls1): Identity()
        (drop_path1): Identity()
        (norm2): LayerNorm((384,), eps=1e-06, elementwise_affine=True)
        (mlp): Mlp(
          (fc1): Linear(in_features=384, out_features=1558, bias=True)
          (act): GELU(approximate='none')
          (drop1): Dropout(p=0.0, inplace=False)
          (norm): Identity()
          (fc2): Linear(in_features=1558, out_features=384, bias=True)
          (drop2): Dropout(p=0.0, inplace=False)
        )
        (ls2): Identity()
        (drop_path2): Identity()
      )
      (9): Block(
        (norm1): LayerNorm((384,), eps=1e-06, elementwise_affine=True)
        (attn): Attention(
          (qkv): Linear(in_features=384, out_features=1176, bias=True)
          (q_norm): Identity()
          (k_norm): Identity()
          (attn_drop): Dropout(p=0.0, inplace=False)
          (norm): Identity()
          (proj): Linear(in_features=392, out_features=384, bias=True)
          (proj_drop): Dropout(p=0.0, inplace=False)
        )
        (ls1): Identity()
        (drop_path1): Identity()
        (norm2): LayerNorm((384,), eps=1e-06, elementwise_affine=True)
        (mlp): Mlp(
          (fc1): Linear(in_features=384, out_features=1598, bias=True)
          (act): GELU(approximate='none')
          (drop1): Dropout(p=0.0, inplace=False)
          (norm): Identity()
          (fc2): Linear(in_features=1598, out_features=384, bias=True)
          (drop2): Dropout(p=0.0, inplace=False)
        )
        (ls2): Identity()
        (drop_path2): Identity()
      )
      (10): Block(
        (norm1): LayerNorm((384,), eps=1e-06, elementwise_affine=True)
        (attn): Attention(
          (qkv): Linear(in_features=384, out_features=1134, bias=True)
          (q_norm): Identity()
          (k_norm): Identity()
          (attn_drop): Dropout(p=0.0, inplace=False)
          (norm): Identity()
          (proj): Linear(in_features=378, out_features=384, bias=True)
          (proj_drop): Dropout(p=0.0, inplace=False)
        )
        (ls1): Identity()
        (drop_path1): Identity()
        (norm2): LayerNorm((384,), eps=1e-06, elementwise_affine=True)
        (mlp): Mlp(
          (fc1): Linear(in_features=384, out_features=1590, bias=True)
          (act): GELU(approximate='none')
          (drop1): Dropout(p=0.0, inplace=False)
          (norm): Identity()
          (fc2): Linear(in_features=1590, out_features=384, bias=True)
          (drop2): Dropout(p=0.0, inplace=False)
        )
        (ls2): Identity()
        (drop_path2): Identity()
      )
      (11): Block(
        (norm1): LayerNorm((384,), eps=1e-06, elementwise_affine=True)
        (attn): Attention(
          (qkv): Linear(in_features=384, out_features=1152, bias=True)
          (q_norm): Identity()
          (k_norm): Identity()
          (attn_drop): Dropout(p=0.0, inplace=False)
          (norm): Identity()
          (proj): Linear(in_features=384, out_features=384, bias=True)
          (proj_drop): Dropout(p=0.0, inplace=False)
        )
        (ls1): Identity()
        (drop_path1): Identity()
        (norm2): LayerNorm((384,), eps=1e-06, elementwise_affine=True)
        (mlp): Mlp(
          (fc1): Linear(in_features=384, out_features=1452, bias=True)
          (act): GELU(approximate='none')
          (drop1): Dropout(p=0.0, inplace=False)
          (norm): Identity()
          (fc2): Linear(in_features=1452, out_features=384, bias=True)
          (drop2): Dropout(p=0.0, inplace=False)
        )
        (ls2): Identity()
        (drop_path2): Identity()
      )
    )
    (norm): LayerNorm((384,), eps=1e-06, elementwise_affine=True)
    (fc_norm): Identity()
    (head_drop): Dropout(p=0.0, inplace=False)
    (head): Linear(in_features=384, out_features=1000, bias=True)
    (head_dist): Linear(in_features=384, out_features=1000, bias=True)
  )
)
Start training
Epoch: [0]  [   0/1251]  eta: 5:44:42  lr: 0.0005  img/s: 87.63092600743279  loss_kd: 6.916598796844482  loss_ce: 6.839046955108643  loss: 6.8778 (6.8778)  acc1: 0.0000 (0.0000)  acc5: 0.3906 (0.3906)  time: 16.5326  data: 13.6105  max mem: 15363
Epoch: [0]  [  50/1251]  eta: 0:29:06  lr: 0.0005  img/s: 884.4434977360545  loss_kd: 4.921870231628418  loss_ce: 5.379775047302246  loss: 5.7504 (6.1441)  acc1: 7.0312 (4.1131)  acc5: 17.5781 (12.0021)  time: 1.3393  data: 1.0629  max mem: 15363
Epoch: [0]  [ 100/1251]  eta: 0:23:58  lr: 0.0005  img/s: 980.9928719304625  loss_kd: 5.069450855255127  loss_ce: 5.878154754638672  loss: 5.2269 (5.6495)  acc1: 16.4062 (9.5374)  acc5: 33.5938 (22.0722)  time: 0.9337  data: 0.6468  max mem: 15363
Epoch: [0]  [ 150/1251]  eta: 0:21:32  lr: 0.0005  img/s: 981.6879621054132  loss_kd: 4.508816719055176  loss_ce: 5.173096656799316  loss: 4.8733 (5.3342)  acc1: 20.7031 (13.4779)  acc5: 38.6719 (28.6476)  time: 0.9659  data: 0.6798  max mem: 15363
Epoch: [0]  [ 200/1251]  eta: 0:20:00  lr: 0.0005  img/s: 792.7734131121107  loss_kd: 3.4608349800109863  loss_ce: 3.955308437347412  loss: 4.7119 (5.1484)  acc1: 23.0469 (16.2974)  acc5: 44.9219 (32.8883)  time: 0.9732  data: 0.6845  max mem: 15363
Epoch: [0]  [ 250/1251]  eta: 0:18:36  lr: 0.0005  img/s: 973.9958799320398  loss_kd: 3.6026830673217773  loss_ce: 4.785639762878418  loss: 4.4442 (4.9945)  acc1: 26.5625 (18.4574)  acc5: 47.2656 (36.1056)  time: 1.1113  data: 0.8324  max mem: 15363
Epoch: [0]  [ 300/1251]  eta: 0:17:09  lr: 0.0005  img/s: 980.5467396743875  loss_kd: 4.11847448348999  loss_ce: 5.144274711608887  loss: 4.3081 (4.8764)  acc1: 31.6406 (20.3709)  acc5: 54.6875 (38.7160)  time: 0.9500  data: 0.6594  max mem: 15363
Epoch: [0]  [ 350/1251]  eta: 0:15:58  lr: 0.0005  img/s: 981.696039906305  loss_kd: 3.972275733947754  loss_ce: 5.292335510253906  loss: 4.0748 (4.7723)  acc1: 35.1562 (22.1744)  acc5: 58.9844 (41.1035)  time: 0.9070  data: 0.6295  max mem: 15363
Epoch: [0]  [ 400/1251]  eta: 0:14:59  lr: 0.0005  img/s: 801.134858790279  loss_kd: 4.137925148010254  loss_ce: 5.0640764236450195  loss: 4.4482 (4.7029)  acc1: 25.7812 (23.2057)  acc5: 44.1406 (42.4369)  time: 0.9585  data: 0.6754  max mem: 15363
Epoch: [0]  [ 450/1251]  eta: 0:13:58  lr: 0.0005  img/s: 982.8138520372204  loss_kd: 3.257845163345337  loss_ce: 3.958660364151001  loss: 4.0988 (4.6239)  acc1: 33.5938 (24.5288)  acc5: 57.4219 (44.0809)  time: 1.0342  data: 0.7539  max mem: 15363
Epoch: [0]  [ 500/1251]  eta: 0:13:01  lr: 0.0005  img/s: 756.7200237923748  loss_kd: 3.6994614601135254  loss_ce: 4.985641956329346  loss: 3.9592 (4.5508)  acc1: 39.0625 (25.7657)  acc5: 62.1094 (45.6587)  time: 0.9603  data: 0.6781  max mem: 15363
Epoch: [0]  [ 550/1251]  eta: 0:12:02  lr: 0.0005  img/s: 980.7984230376803  loss_kd: 2.945760488510132  loss_ce: 3.5698890686035156  loss: 3.8280 (4.4872)  acc1: 40.6250 (26.8241)  acc5: 64.8438 (47.0125)  time: 0.9384  data: 0.6616  max mem: 15363
Epoch: [0]  [ 600/1251]  eta: 0:11:07  lr: 0.0005  img/s: 870.6243033938998  loss_kd: 3.6096808910369873  loss_ce: 4.803750038146973  loss: 4.0860 (4.4447)  acc1: 31.2500 (27.5251)  acc5: 57.4219 (47.9026)  time: 0.9356  data: 0.6535  max mem: 15363
Epoch: [0]  [ 650/1251]  eta: 0:10:13  lr: 0.0005  img/s: 980.2907105621136  loss_kd: 3.249603748321533  loss_ce: 4.275968551635742  loss: 4.1094 (4.4070)  acc1: 33.5938 (28.1790)  acc5: 55.8594 (48.6925)  time: 0.9753  data: 0.7058  max mem: 15363
Epoch: [0]  [ 700/1251]  eta: 0:09:19  lr: 0.0005  img/s: 980.9543344579564  loss_kd: 3.6179537773132324  loss_ce: 4.880613327026367  loss: 3.8666 (4.3607)  acc1: 37.1094 (28.9519)  acc5: 58.9844 (49.6339)  time: 1.0153  data: 0.7393  max mem: 15363
Epoch: [0]  [ 750/1251]  eta: 0:08:26  lr: 0.0005  img/s: 980.1886942646087  loss_kd: 3.357476234436035  loss_ce: 4.713393211364746  loss: 3.5035 (4.3125)  acc1: 47.2656 (29.7759)  acc5: 67.9688 (50.6060)  time: 0.9369  data: 0.6594  max mem: 15363
Epoch: [0]  [ 800/1251]  eta: 0:07:35  lr: 0.0005  img/s: 884.9851181252926  loss_kd: 3.6065587997436523  loss_ce: 5.143097400665283  loss: 3.6920 (4.2757)  acc1: 39.8438 (30.4073)  acc5: 64.4531 (51.3406)  time: 0.9170  data: 0.6415  max mem: 15363
Epoch: [0]  [ 850/1251]  eta: 0:06:44  lr: 0.0005  img/s: 980.4697378393432  loss_kd: 2.6422524452209473  loss_ce: 3.1872787475585938  loss: 3.9091 (4.2438)  acc1: 32.4219 (30.8231)  acc5: 56.2500 (51.8971)  time: 0.9704  data: 0.6922  max mem: 15363
Epoch: [0]  [ 900/1251]  eta: 0:05:53  lr: 0.0005  img/s: 779.4519469206423  loss_kd: 3.502283811569214  loss_ce: 4.65532112121582  loss: 3.9890 (4.2188)  acc1: 33.9844 (31.2322)  acc5: 55.8594 (52.3637)  time: 1.0721  data: 0.7855  max mem: 15363
Epoch: [0]  [ 950/1251]  eta: 0:05:02  lr: 0.0005  img/s: 980.6380831130781  loss_kd: 2.885078191757202  loss_ce: 3.9922783374786377  loss: 3.6956 (4.1919)  acc1: 42.5781 (31.6932)  acc5: 64.4531 (52.9139)  time: 1.0035  data: 0.7252  max mem: 15363
Epoch: [0]  [1000/1251]  eta: 0:04:11  lr: 0.0005  img/s: 841.7615893520561  loss_kd: 2.510416269302368  loss_ce: 2.9393458366394043  loss: 3.5827 (4.1629)  acc1: 44.5312 (32.1639)  acc5: 69.1406 (53.4739)  time: 0.8089  data: 0.5218  max mem: 15363
Epoch: [0]  [1050/1251]  eta: 0:03:20  lr: 0.0005  img/s: 980.88264489083  loss_kd: 2.599721908569336  loss_ce: 2.882180690765381  loss: 3.8467 (4.1407)  acc1: 38.6719 (32.5382)  acc5: 60.5469 (53.9263)  time: 0.8705  data: 0.5995  max mem: 15363
Epoch: [0]  [1100/1251]  eta: 0:02:30  lr: 0.0005  img/s: 981.620652267321  loss_kd: 3.0408053398132324  loss_ce: 4.16248083114624  loss: 3.6978 (4.1130)  acc1: 43.3594 (33.0073)  acc5: 66.7969 (54.4941)  time: 1.0122  data: 0.7336  max mem: 15363
Epoch: [0]  [1150/1251]  eta: 0:01:40  lr: 0.0005  img/s: 981.2833446960489  loss_kd: 2.7742271423339844  loss_ce: 3.556471109390259  loss: 3.6799 (4.0874)  acc1: 45.3125 (33.4424)  acc5: 66.7969 (54.9760)  time: 0.9611  data: 0.6780  max mem: 15363
Epoch: [0]  [1200/1251]  eta: 0:00:50  lr: 0.0005  img/s: 853.0453446210265  loss_kd: 2.6718029975891113  loss_ce: 3.2635858058929443  loss: 3.4388 (4.0609)  acc1: 46.8750 (33.8940)  acc5: 69.9219 (55.4996)  time: 0.9821  data: 0.7043  max mem: 15363
Epoch: [0]  [1250/1251]  eta: 0:00:00  lr: 0.0005  img/s: 983.5817984454939  loss_kd: 3.344748020172119  loss_ce: 4.454571723937988  loss: 3.5340 (4.0357)  acc1: 42.9688 (34.3609)  acc5: 67.9688 (56.0296)  time: 0.9675  data: 0.6956  max mem: 15363
Epoch: [0] Total time: 0:20:44
Test:   [ 0/49]  eta: 0:08:57  loss: 1.8025 (1.8025)  acc1: 81.6406 (81.6406)  acc5: 93.7500 (93.7500)  time: 10.9794  data: 10.6836  max mem: 15363
Test:  Total time: 0:01:05
Test:  Acc@1 64.556 Acc@5 86.486
Epoch: [1]  [   0/1251]  eta: 2:09:18  lr: 0.000499986292341378  img/s: 477.44415428266774  loss_kd: 3.2700538635253906  loss_ce: 4.641659736633301  loss: 3.9559 (3.9559)  acc1: 35.5469 (35.5469)  acc5: 61.3281 (61.3281)  time: 6.2017  data: 5.6648  max mem: 15363
Epoch: [1]  [  50/1251]  eta: 0:17:43  lr: 0.000499986292341378  img/s: 979.6020655049722  loss_kd: 3.5535941123962402  loss_ce: 5.116239547729492  loss: 3.6907 (3.6649)  acc1: 39.4531 (39.0548)  acc5: 62.8906 (62.3315)  time: 0.8925  data: 0.6170  max mem: 15363
Epoch: [1]  [ 100/1251]  eta: 0:15:19  lr: 0.000499986292341378  img/s: 981.2474745536261  loss_kd: 3.3827221393585205  loss_ce: 4.519311904907227  loss: 3.4468 (3.5965)  acc1: 42.5781 (40.8261)  acc5: 70.7031 (64.1244)  time: 0.6696  data: 0.3994  max mem: 15363
Epoch: [1]  [ 150/1251]  eta: 0:14:17  lr: 0.000499986292341378  img/s: 981.2474745536261  loss_kd: 3.266903877258301  loss_ce: 4.395462512969971  loss: 3.6832 (3.5891)  acc1: 42.5781 (40.9794)  acc5: 66.0156 (64.0832)  time: 0.6876  data: 0.4114  max mem: 15363
Epoch: [1]  [ 200/1251]  eta: 0:14:02  lr: 0.000499986292341378  img/s: 722.9898198218216  loss_kd: 3.022653102874756  loss_ce: 4.158280849456787  loss: 3.6562 (3.5812)  acc1: 41.0156 (41.4607)  acc5: 63.6719 (64.3773)  time: 0.8728  data: 0.5936  max mem: 15363
Epoch: [1]  [ 250/1251]  eta: 0:13:29  lr: 0.000499986292341378  img/s: 733.8261930960012  loss_kd: 3.1472830772399902  loss_ce: 4.8147711753845215  loss: 3.5508 (3.5629)  acc1: 44.5312 (42.0412)  acc5: 69.5312 (64.9698)  time: 0.9966  data: 0.7075  max mem: 15363
Epoch: [1]  [ 300/1251]  eta: 0:12:39  lr: 0.000499986292341378  img/s: 922.9216582890385  loss_kd: 2.8534538745880127  loss_ce: 3.767810583114624  loss: 3.7586 (3.5520)  acc1: 35.9375 (42.2576)  acc5: 58.5938 (65.0138)  time: 0.6788  data: 0.3950  max mem: 15363
Epoch: [1]  [ 350/1251]  eta: 0:11:49  lr: 0.000499986292341378  img/s: 979.1259464196318  loss_kd: 3.0122575759887695  loss_ce: 4.379504203796387  loss: 3.5887 (3.5377)  acc1: 45.3125 (42.7417)  acc5: 70.7031 (65.5204)  time: 0.6706  data: 0.3827  max mem: 15363
Epoch: [1]  [ 400/1251]  eta: 0:11:04  lr: 0.000499986292341378  img/s: 919.0524328219982  loss_kd: 2.3905680179595947  loss_ce: 3.0926513671875  loss: 3.5463 (3.5339)  acc1: 47.2656 (42.7632)  acc5: 69.9219 (65.5412)  time: 0.6571  data: 0.3787  max mem: 15363
Epoch: [1]  [ 450/1251]  eta: 0:10:22  lr: 0.000499986292341378  img/s: 773.147491382805  loss_kd: 2.8698999881744385  loss_ce: 3.9352312088012695  loss: 3.4416 (3.5183)  acc1: 46.8750 (43.0484)  acc5: 68.7500 (65.7567)  time: 0.8217  data: 0.5396  max mem: 15363
Epoch: [1]  [ 500/1251]  eta: 0:09:38  lr: 0.000499986292341378  img/s: 979.269715961739  loss_kd: 2.690058469772339  loss_ce: 3.4829721450805664  loss: 3.6859 (3.5135)  acc1: 34.7656 (43.0639)  acc5: 60.9375 (65.8137)  time: 0.7320  data: 0.4578  max mem: 15363
Epoch: [1]  [ 550/1251]  eta: 0:08:57  lr: 0.000499986292341378  img/s: 978.7073799883693  loss_kd: 2.894387722015381  loss_ce: 3.938908576965332  loss: 3.5051 (3.5104)  acc1: 45.3125 (43.2679)  acc5: 71.0938 (66.0603)  time: 0.6504  data: 0.3773  max mem: 15363
Epoch: [1]  [ 600/1251]  eta: 0:08:16  lr: 0.000499986292341378  img/s: 981.4187781231748  loss_kd: 2.902646780014038  loss_ce: 4.101367950439453  loss: 3.5258 (3.5089)  acc1: 39.8438 (43.2788)  acc5: 62.8906 (66.0637)  time: 0.6942  data: 0.4206  max mem: 15363
Epoch: [1]  [ 650/1251]  eta: 0:07:38  lr: 0.000499986292341378  img/s: 839.358513368474  loss_kd: 3.370360851287842  loss_ce: 4.616571426391602  loss: 3.5875 (3.5067)  acc1: 42.1875 (43.2652)  acc5: 67.9688 (66.0756)  time: 0.8370  data: 0.5644  max mem: 15363
Epoch: [1]  [ 700/1251]  eta: 0:07:01  lr: 0.000499986292341378  img/s: 978.5423722326065  loss_kd: 3.3224785327911377  loss_ce: 4.419247627258301  loss: 3.3932 (3.4953)  acc1: 42.1875 (43.4848)  acc5: 67.9688 (66.2759)  time: 0.8665  data: 0.5957  max mem: 15363
Epoch: [1]  [ 750/1251]  eta: 0:06:21  lr: 0.000499986292341378  img/s: 980.6085289618485  loss_kd: 3.196744918823242  loss_ce: 4.93543815612793  loss: 3.3402 (3.4902)  acc1: 51.5625 (43.6834)  acc5: 74.2188 (66.4463)  time: 0.6600  data: 0.3907  max mem: 15363
Epoch: [1]  [ 800/1251]  eta: 0:05:42  lr: 0.000499986292341378  img/s: 857.6959367868288  loss_kd: 2.57415771484375  loss_ce: 3.6366913318634033  loss: 3.3293 (3.4826)  acc1: 44.1406 (43.7997)  acc5: 66.4062 (66.5730)  time: 0.6902  data: 0.4132  max mem: 15363
Epoch: [1]  [ 850/1251]  eta: 0:05:04  lr: 0.000499986292341378  img/s: 813.2165251400371  loss_kd: 2.5273144245147705  loss_ce: 3.3830385208129883  loss: 3.5876 (3.4798)  acc1: 43.3594 (43.9364)  acc5: 67.1875 (66.6918)  time: 0.8316  data: 0.5583  max mem: 15363
Epoch: [1]  [ 900/1251]  eta: 0:04:25  lr: 0.000499986292341378  img/s: 973.6258274182375  loss_kd: 3.039329767227173  loss_ce: 3.9582595825195312  loss: 3.4988 (3.4706)  acc1: 42.9688 (44.0526)  acc5: 70.3125 (66.8645)  time: 0.7771  data: 0.5120  max mem: 15363
Epoch: [1]  [ 950/1251]  eta: 0:03:46  lr: 0.000499986292341378  img/s: 978.789458619338  loss_kd: 2.714097023010254  loss_ce: 3.868989944458008  loss: 3.5839 (3.4679)  acc1: 44.1406 (44.1427)  acc5: 66.4062 (66.9086)  time: 0.6208  data: 0.3519  max mem: 15363
Epoch: [1]  [1000/1251]  eta: 0:03:08  lr: 0.000499986292341378  img/s: 982.6096884451541  loss_kd: 3.1499438285827637  loss_ce: 4.417490005493164  loss: 3.3297 (3.4579)  acc1: 51.9531 (44.3830)  acc5: 74.6094 (67.1208)  time: 0.6604  data: 0.3959  max mem: 15363
Epoch: [1]  [1050/1251]  eta: 0:02:30  lr: 0.000499986292341378  img/s: 907.6415965484421  loss_kd: 2.9741220474243164  loss_ce: 4.264795303344727  loss: 3.1799 (3.4526)  acc1: 48.4375 (44.4562)  acc5: 73.0469 (67.1856)  time: 0.8322  data: 0.5589  max mem: 15363
Epoch: [1]  [1100/1251]  eta: 0:01:53  lr: 0.000499986292341378  img/s: 980.6846569061732  loss_kd: 2.3462846279144287  loss_ce: 2.7529520988464355  loss: 3.2436 (3.4512)  acc1: 48.0469 (44.4255)  acc5: 71.4844 (67.1786)  time: 0.7631  data: 0.4876  max mem: 15363
Epoch: [1]  [1150/1251]  eta: 0:01:15  lr: 0.000499986292341378  img/s: 980.3623136270257  loss_kd: 3.019810199737549  loss_ce: 4.2801361083984375  loss: 3.6370 (3.4508)  acc1: 38.6719 (44.3683)  acc5: 62.1094 (67.1230)  time: 0.6500  data: 0.3796  max mem: 15363
Epoch: [1]  [1200/1251]  eta: 0:00:38  lr: 0.000499986292341378  img/s: 980.3023453484243  loss_kd: 2.9598939418792725  loss_ce: 4.462746620178223  loss: 3.5426 (3.4515)  acc1: 44.9219 (44.3387)  acc5: 67.1875 (67.0886)  time: 0.7281  data: 0.4539  max mem: 15363
Epoch: [1]  [1250/1251]  eta: 0:00:00  lr: 0.000499986292341378  img/s: 794.9562365393173  loss_kd: 2.248237371444702  loss_ce: 2.6561079025268555  loss: 3.5358 (3.4482)  acc1: 43.7500 (44.3754)  acc5: 65.6250 (67.1457)  time: 0.8496  data: 0.5737  max mem: 15363
Epoch: [1] Total time: 0:15:36
Test:   [ 0/49]  eta: 0:01:56  loss: 1.7339 (1.7339)  acc1: 78.1250 (78.1250)  acc5: 94.1406 (94.1406)  time: 2.3825  data: 2.1869  max mem: 15363
Test:  Total time: 0:00:13
Test:  Acc@1 68.216 Acc@5 88.734
